Running tests ...
[1A[KRunning 33 tests in 1 runtime ...
[1A[K[1m[32m33 tests, 156 assertions, 1 runtime ... OK[0m
